\BOOKMARK [0][-]{chapter.0}{\376\377\000I\000n\000t\000r\000o\000d\000u\000c\000t\000i\000o\000n}{}% 1
\BOOKMARK [1][-]{section.0.1}{\376\377\000A\000b\000o\000u\000t\000\040\000T\000h\000i\000s\000\040\000B\000o\000o\000k}{chapter.0}% 2
\BOOKMARK [1][-]{section.0.2}{\376\377\000A\000b\000o\000u\000t\000\040\000t\000h\000e\000\040\000A\000d\000v\000e\000n\000t\000u\000r\000e}{chapter.0}% 3
\BOOKMARK [1][-]{section.0.3}{\376\377\000R\000u\000n\000n\000i\000n\000g\000\040\000t\000h\000e\000\040\000A\000d\000v\000e\000n\000t\000u\000r\000e}{chapter.0}% 4
\BOOKMARK [1][-]{section.0.4}{\376\377\000A\000d\000v\000e\000n\000t\000u\000r\000e\000\040\000S\000u\000m\000m\000a\000r\000y}{chapter.0}% 5
\BOOKMARK [1][-]{section.0.5}{\376\377\000D\000r\000a\000m\000a\000t\000i\000s\000\040\000P\000e\000r\000s\000o\000n\000\346}{chapter.0}% 6
\BOOKMARK [1][-]{section.0.6}{\376\377\000B\000e\000f\000o\000r\000e\000\040\000S\000t\000a\000r\000t\000i\000n\000g\000\040\000t\000h\000e\000\040\000C\000a\000m\000p\000a\000i\000g\000n}{chapter.0}% 7
\BOOKMARK [0][-]{chapter.1}{\376\377\000C\000h\000a\000p\000t\000e\000r\000\040\0001\000\040\000-\000\040\000T\000O\000D\000O}{}% 8
\BOOKMARK [1][-]{section.1.0}{\376\377\000R\000u\000n\000n\000i\000n\000g\000\040\000T\000h\000i\000s\000\040\000C\000h\000a\000p\000t\000e\000r}{chapter.1}% 9
\BOOKMARK [1][-]{section.1.1}{\376\377\000T\000O\000D\000O\000\040\000-\000\040\000S\000e\000c\000t\000i\000o\000n}{chapter.1}% 10
\BOOKMARK [1][-]{section.1.2}{\376\377\000J\000o\000u\000r\000n\000e\000y\000i\000n\000g\000\040\000O\000n\000w\000a\000r\000d}{chapter.1}% 11
\BOOKMARK [0][-]{appendix.A}{\376\377\000A\000p\000p\000e\000n\000d\000i\000x\000\040\000A\000:\000\040\000D\000o\000c\000u\000m\000e\000n\000t\000\040\000H\000i\000s\000t\000o\000r\000y}{}% 12
\BOOKMARK [0][-]{appendix.B}{\376\377\000A\000p\000p\000e\000n\000d\000i\000x\000\040\000B\000:\000\040\000A\000d\000v\000e\000r\000s\000a\000r\000i\000e\000s}{}% 13
\BOOKMARK [0][-]{appendix.C}{\376\377\000A\000p\000p\000e\000n\000d\000i\000x\000\040\000C\000:\000\040\000I\000t\000e\000m\000s}{}% 14
\BOOKMARK [1][-]{section.C.1}{\376\377\000[\000c\000h\000a\000p\000:\000i\000t\000e\000m\000s\000]\000T\000O\000D\000O\000\040\000-\000\040\000E\000x\000a\000m\000p\000l\000e\000\040\000L\000o\000o\000t}{appendix.C}% 15
\BOOKMARK [0][-]{appendix.D}{\376\377\000A\000p\000p\000e\000n\000d\000i\000x\000\040\000D\000:\000\040\000E\000x\000a\000m\000p\000l\000e\000\040\000C\000h\000a\000r\000a\000c\000t\000e\000r\000\040\000S\000h\000e\000e\000t\000s}{}% 16
\BOOKMARK [0][-]{appendix.E}{\376\377\000A\000p\000p\000e\000n\000d\000i\000x\000\040\000E\000:\000\040\000A\000c\000k\000n\000o\000w\000l\000e\000d\000g\000m\000e\000n\000t\000s}{}% 17
\BOOKMARK [1][-]{section.E.1}{\376\377\000A\000r\000t\000i\000s\000t\000s\000\040\000i\000n\000v\000o\000l\000v\000e\000d}{appendix.E}% 18
\BOOKMARK [1][-]{section.E.2}{\376\377\000O\000t\000h\000e\000r\000\040\000S\000u\000p\000p\000o\000r\000t}{appendix.E}% 19
\BOOKMARK [1][-]{section.E.3}{\376\377\000P\000D\000F\000\040\000B\000u\000i\000l\000d\000i\000n\000g}{appendix.E}% 20
